Name,Age,City
Alice,30,New York
Bob,25,Los Angeles
Charlie,35,Chicago
David,28,San Francisco
Eve,22,Boston
Frank,33,Seattle
